<!doctype html public "-//w3c//dtd html 4.0 transitional//en">
<html><head>
<title>Static Call Graph - [.\Objects\lab4.axf]</title></head>
<body><HR>
<H1>Static Call Graph for image .\Objects\lab4.axf</H1><HR>
<BR><P>#&#060CALLGRAPH&#062# ARM Linker, 5050169: Last Updated: Thu Nov 05 13:55:43 2015
<BR><P>
<H3>Maximum Stack Usage =          0 bytes + Unknown(Cycles, Untraceable Function Pointers)</H3><H3>
Call chain for Maximum Stack Depth:</H3>

<P>
<H3>
Mutually Recursive functions
</H3> <LI><a href="#[2]">sort</a>&nbsp;&nbsp;&nbsp;&rArr;&nbsp;&nbsp;&nbsp;<a href="#[2]">sort</a><BR>
</UL>
<P>
<H3>
Function Pointers
</H3><UL>
 <LI><a href="#[1]">Reset_Handler</a> from lab4.o(MYCODE) referenced from lab4.o(RESET)
</UL>
<P>
<H3>
Global Symbols
</H3>
<P><STRONG><a name="[1]"></a>Reset_Handler</STRONG> (Thumb, 18 bytes, Stack size 0 bytes, lab4.o(MYCODE))
<BR><BR>[Calls]<UL><LI><a href="#[3]">&gt;&gt;</a>&nbsp;&nbsp;&nbsp;byte_copy
<LI><a href="#[2]">&gt;&gt;</a>&nbsp;&nbsp;&nbsp;sort
</UL>
<P>
<H3>
Local Symbols
</H3>
<P><STRONG><a name="[2]"></a>sort</STRONG> (Thumb, 80 bytes, Stack size 0 bytes, lab4.o(MYCODE))
<BR><BR>[Calls]<UL><LI><a href="#[4]">&gt;&gt;</a>&nbsp;&nbsp;&nbsp;merge
<LI><a href="#[2]">&gt;&gt;</a>&nbsp;&nbsp;&nbsp;sort
</UL>
<BR>[Called By]<UL><LI><a href="#[1]">&gt;&gt;</a>&nbsp;&nbsp;&nbsp;Reset_Handler
<LI><a href="#[2]">&gt;&gt;</a>&nbsp;&nbsp;&nbsp;sort
</UL>

<P><STRONG><a name="[3]"></a>byte_copy</STRONG> (Thumb, 26 bytes, Stack size 0 bytes, lab4.o(MYCODE))
<BR><BR>[Called By]<UL><LI><a href="#[1]">&gt;&gt;</a>&nbsp;&nbsp;&nbsp;Reset_Handler
<LI><a href="#[4]">&gt;&gt;</a>&nbsp;&nbsp;&nbsp;merge
</UL>

<P><STRONG><a name="[4]"></a>merge</STRONG> (Thumb, 150 bytes, Stack size 0 bytes, lab4.o(MYCODE))
<BR><BR>[Calls]<UL><LI><a href="#[3]">&gt;&gt;</a>&nbsp;&nbsp;&nbsp;byte_copy
</UL>
<BR>[Called By]<UL><LI><a href="#[2]">&gt;&gt;</a>&nbsp;&nbsp;&nbsp;sort
</UL>
<P>
<H3>
Undefined Global Symbols
</H3><HR></body></html>
